[cryptobriefing.com/binance-labs-investment-usual-token/index.html]
[assets.mailerlite.com/js/universal.js]
[static.cryptobriefing.com/wp-content/uploads/2024/12/23141943/2aeb2089-db29-42e2-8af7-c159dd623bcf-800x420.jpg]
[static.cryptobriefing.com/wp-content/uploads/2024/12/23141943/2aeb2089-db29-42e2-8af7-c159dd623bcf-400x210.jpg]
[cryptobriefing.com/choice1ed7.js]
[backblue.gif]
[fade.gif]
[index.html]
[static.cryptobriefing.com/wp-content/uploads/2024/11/11124830/728x90-product-Cryptobriefing.png]
[cryptobriefing.com/binance-labs-investment-usual-token/Firefox/index.html]
[cryptobriefing.com/binance-labs-investment-usual-token/OneSignalSDKUpdaterWorker.js.php]
[cryptobriefing.com/binance-labs-investment-usual-token/OneSignalSDKWorker.js.php]
[static.cryptobriefing.com/wp-content/uploads/2020/02/02093517/ios-144.png]
[static.cryptobriefing.com/wp-content/uploads/2021/07/27015726/loader.gif]
[static.cryptobriefing.com/wp-content/uploads/2024/04/05153217/follow-us-on-google-news.png]
[static.cryptobriefing.com/wp-content/uploads/2024/12/23141643/The-price-of-USUAL.png]
[cryptobriefing.com/binance-labs-investment-usual-token/Opera Mini/index.html]
[cryptobriefing.com/binance-labs-investment-usual-token/OPR/index.html]
[cryptobriefing.com/wp-content/plugins/wp-rocket/assets/js/lazyload/17.8.3/lazyload.min.js]
[pixel.quantserve.com/pixel/p-nbsCryJQWMnff.gif]
[cryptobriefing.com/binance-labs-investment-usual-token/index.html]
[cryptobriefing.com/binance-labs-investment-usual-token/Chrome/index.html]
[cryptobriefing.com/binance-labs-investment-usual-token/Edge/index.html]
[cryptobriefing.com/binance-labs-investment-usual-token/Firefox/index.html]
[cryptobriefing.com/binance-labs-investment-usual-token/CriOS/index.html]
[cryptobriefing.com/choice1ed7.html]
[cryptobriefing.com/binance-labs-investment-usual-token/Version/index.html]
[cryptobriefing.com/binance-labs-investment-usual-token/OneSignalSDKUpdaterWorker.js.html]
[cryptobriefing.com/binance-labs-investment-usual-token/OneSignalSDKWorker.js.html]
[cryptobriefing.com/binance-labs-investment-usual-token/Opera Mini/index.html]
[cryptobriefing.com/binance-labs-investment-usual-token/OPR/index.html]
[cryptobriefing.com/binance-labs-investment-usual-token/OPT/index.html]
[cryptobriefing.com/binance-labs-investment-usual-token/CriOS/index.html]
[cryptobriefing.com/binance-labs-investment-usual-token/Edge/index.html]
[cryptobriefing.com/binance-labs-investment-usual-token/Chrome/index.html]
[cryptobriefing.com/binance-labs-investment-usual-token/IEMobile/index.html]
[cryptobriefing.com/binance-labs-investment-usual-token/WebKit/index.html]
[cryptobriefing.com/binance-labs-investment-usual-token/Version/index.html]
[cryptobriefing.com/binance-labs-investment-usual-token/IEMobile/index.html]
[cryptobriefing.com/binance-labs-investment-usual-token/WebKit/index.html]
[cryptobriefing.com/binance-labs-investment-usual-token/Silk/index.html]
